Flutter crash report.
Please report a bug at https://github.com/flutter/flutter/issues.

## command

flutter run --profile

## exception

String: failed to connect to http://127.0.0.1:53975/yIOXpsh2dH8=/ DartDevelopmentServiceException: WebSocketChannelException: HttpException: Connection reset by peer, uri = http://127.0.0.1:53975/yIOXpsh2dH8=/ws

```
```

## flutter doctor

```
[32m[✓][39m Flutter (Channel stable, 3.38.3, on macOS 26.1 25B78 darwin-arm64, locale en-TH) [143ms]
    [32m•[39m Flutter version 3.38.3 on channel stable at /Users/pikmin/fvm/versions/3.38.3
    [32m•[39m Upstream repository https://github.com/flutter/flutter.git
    [32m•[39m Framework revision 19074d12f7 (8 days ago), 2025-11-20 17:53:13 -0500
    [32m•[39m Engine revision 13e658725d
    [32m•[39m Dart version 3.10.1
    [32m•[39m DevTools version 2.51.1
    [32m•[39m Feature flags: enable-web, enable-linux-desktop, enable-macos-desktop, enable-windows-desktop,
      enable-android, enable-ios, cli-animations, enable-native-assets, omit-legacy-version-file,
      enable-lldb-debugging

[33m[!][39m Android toolchain - develop for Android devices (Android SDK version 36.0.0) [1,334ms]
    [32m•[39m Android SDK at /Users/pikmin/Library/Android/sdk
    [32m•[39m Emulator version 35.4.9.0 (build_id 13025442) (CL:N/A)
    [32m•[39m Platform android-36, build-tools 36.0.0
    [32m•[39m Java binary at: /opt/homebrew/opt/openjdk@17/bin/java
      This JDK is specified in your Flutter configuration.
      To change the current JDK, run: `flutter config --jdk-dir="path/to/jdk"`.
    [32m•[39m Java version OpenJDK Runtime Environment Homebrew (build 17.0.14+0)
    [33m![39m Some Android licenses not accepted. To resolve this, run: flutter doctor --android-licenses

[32m[✓][39m Xcode - develop for iOS and macOS (Xcode 26.0.1) [740ms]
    [32m•[39m Xcode at /Applications/Xcode.app/Contents/Developer
    [32m•[39m Build 17A400
    [32m•[39m CocoaPods version 1.16.2

[32m[✓][39m Chrome - develop for the web [1ms]
    [32m•[39m Chrome at /Applications/Google Chrome.app/Contents/MacOS/Google Chrome

[32m[✓][39m Connected device (3 available) [6.0s]
    [32m•[39m iPhone (mobile) • 461a474b977deae279c79563e73a68e096cfcc7c • ios            • iOS 15.8.5 19H394
    [32m•[39m macOS (desktop) • macos                                    • darwin-arm64   • macOS 26.1 25B78
      darwin-arm64
    [32m•[39m Chrome (web)    • chrome                                   • web-javascript • Google Chrome
      142.0.7444.176
    [33m![39m Error: Browsing on the local area network for iPhone. Ensure the device is unlocked and attached with a
      cable or associated with the same local area network as this Mac.
      The device must be opted into Developer Mode to connect wirelessly. (code -27)
    [33m![39m Error: Browsing on the local area network for Bank’s iPhone. Ensure the device is unlocked and attached
      with a cable or associated with the same local area network as this Mac.
      The device must be opted into Developer Mode to connect wirelessly. (code -27)
    [33m![39m Error: Browsing on the local area network for Bank’s iPhone. Ensure the device is unlocked and attached
      with a cable or associated with the same local area network as this Mac.
      The device must be opted into Developer Mode to connect wirelessly. (code -27)

[32m[✓][39m Network resources [1,419ms]
    [32m•[39m All expected network resources are available.

[33m![39m Doctor found issues in 1 category.
```
